
==========================================================
LAMBDA VERSION CLEANUP - DRY RUN
==========================================================
Profile      : ci-user-rx
Region       : us-east-1
Max Functions: 100
Started At   : Sat Jun  6 16:13:40 IST 2026
==========================================================

[STEP 1] Fetching Lambda functions starting with 'device-service-dev-'...
[INFO] Found       27 functions for testing.

Functions Selected:
----------------------------------------------------------
device-service-dev-deviceUserRegister
device-service-dev-deviceOrgList
device-service-dev-deviceDelete
device-service-dev-swagger-ui
device-service-dev-orgDeviceManage
device-service-dev-deviceFileUpload
device-service-dev-deviceReadingTimestampUpdate
device-service-dev-deviceUserAssign
device-service-dev-health
device-service-dev-deviceUserList
device-service-dev-deviceUpdate
device-service-dev-getOrganizationDevice
device-service-dev-deviceOrgAssign
device-service-dev-deviceSearch
device-service-dev-errorNotification
device-service-dev-deviceUserDelete
device-service-dev-swagger-json
device-service-dev-deviceOrgRemove
device-service-dev-deviceGlobalRegister
device-service-dev-deviceRegister
device-service-dev-deviceRecommendationRemove
device-service-dev-deviceGet
device-service-dev-deviceRecommendationAdd
device-service-dev-deviceMetadataUpdate
device-service-dev-deviceUserRemove
device-service-dev-deviceDeleteMultiple
device-service-dev-deviceList
----------------------------------------------------------

##########################################################
Processing Function: device-service-dev-deviceUserRegister
##########################################################
[STEP 2] Fetching versions...
[INFO] Published Versions Found:        2
[INFO] Only        2 versions found.
[INFO] Nothing to delete.

##########################################################
Processing Function: device-service-dev-deviceOrgList
##########################################################
[STEP 2] Fetching versions...
[INFO] Published Versions Found:       49

[INFO] All Published Versions:
1
2
3
4
5
6
7
8
9
10
11
12
13
14
15
16
17
18
19
20
21
22
23
24
25
26
27
28
29
30
31
32
33
34
35
36
37
38
39
40
41
42
43
44
45
46
47
48
49

[INFO] Versions To Keep:
48
49

[STEP 3] Evaluating versions...
[DELETE] Version 1
[DELETE] Version 2
[DELETE] Version 3
[DELETE] Version 4
[DELETE] Version 5
[DELETE] Version 6
[DELETE] Version 7
[DELETE] Version 8
[DELETE] Version 9
[DELETE] Version 10
[DELETE] Version 11
[DELETE] Version 12
[DELETE] Version 13
[DELETE] Version 14
[DELETE] Version 15
[DELETE] Version 16
[DELETE] Version 17
[DELETE] Version 18
[DELETE] Version 19
[DELETE] Version 20
[DELETE] Version 21
[DELETE] Version 22
[DELETE] Version 23
[DELETE] Version 24
[DELETE] Version 25
[DELETE] Version 26
[DELETE] Version 27
[DELETE] Version 28
[DELETE] Version 29
[DELETE] Version 30
[DELETE] Version 31
[DELETE] Version 32
[DELETE] Version 33
[DELETE] Version 34
[DELETE] Version 35
[DELETE] Version 36
[DELETE] Version 37
[DELETE] Version 38
[DELETE] Version 39
[DELETE] Version 40
[DELETE] Version 41
[DELETE] Version 42
[DELETE] Version 43
[DELETE] Version 44
[DELETE] Version 45
[DELETE] Version 46
[DELETE] Version 47
[KEEP] Version 48
[KEEP] Version 49

Summary: device-service-dev-deviceOrgList
----------------------------------------------------------
Total Versions :       49
Keep           : 2
Delete         : 47
----------------------------------------------------------

##########################################################
Processing Function: device-service-dev-deviceDelete
##########################################################
[STEP 2] Fetching versions...
[INFO] Published Versions Found:       55

[INFO] All Published Versions:
1
2
3
4
5
6
7
8
9
10
11
12
13
14
15
16
17
18
19
20
21
22
23
24
25
26
27
28
29
30
31
32
33
34
35
36
37
38
39
40
41
42
43
44
45
46
47
48
49
50
51
52
53
54
55

[INFO] Versions To Keep:
54
55

[STEP 3] Evaluating versions...
[DELETE] Version 1
[DELETE] Version 2
[DELETE] Version 3
[DELETE] Version 4
[DELETE] Version 5
[DELETE] Version 6
[DELETE] Version 7
[DELETE] Version 8
[DELETE] Version 9
[DELETE] Version 10
[DELETE] Version 11
[DELETE] Version 12
[DELETE] Version 13
[DELETE] Version 14
[DELETE] Version 15
[DELETE] Version 16
[DELETE] Version 17
[DELETE] Version 18
[DELETE] Version 19
[DELETE] Version 20
[DELETE] Version 21
[DELETE] Version 22
[DELETE] Version 23
[DELETE] Version 24
[DELETE] Version 25
[DELETE] Version 26
[DELETE] Version 27
[DELETE] Version 28
[DELETE] Version 29
[DELETE] Version 30
[DELETE] Version 31
[DELETE] Version 32
[DELETE] Version 33
[DELETE] Version 34
[DELETE] Version 35
[DELETE] Version 36
[DELETE] Version 37
[DELETE] Version 38
[DELETE] Version 39
[DELETE] Version 40
[DELETE] Version 41
[DELETE] Version 42
[DELETE] Version 43
[DELETE] Version 44
[DELETE] Version 45
[DELETE] Version 46
[DELETE] Version 47
[DELETE] Version 48
[DELETE] Version 49
[DELETE] Version 50
[DELETE] Version 51
[DELETE] Version 52
[DELETE] Version 53
[KEEP] Version 54
[KEEP] Version 55

Summary: device-service-dev-deviceDelete
----------------------------------------------------------
Total Versions :       55
Keep           : 2
Delete         : 53
----------------------------------------------------------

##########################################################
Processing Function: device-service-dev-swagger-ui
##########################################################
[STEP 2] Fetching versions...
[INFO] Published Versions Found:       16

[INFO] All Published Versions:
1
2
3
4
5
6
7
8
9
10
11
12
13
14
15
16

[INFO] Versions To Keep:
15
16

[STEP 3] Evaluating versions...
[DELETE] Version 1
[DELETE] Version 2
[DELETE] Version 3
[DELETE] Version 4
[DELETE] Version 5
[DELETE] Version 6
[DELETE] Version 7
[DELETE] Version 8
[DELETE] Version 9
[DELETE] Version 10
[DELETE] Version 11
[DELETE] Version 12
[DELETE] Version 13
[DELETE] Version 14
[KEEP] Version 15
[KEEP] Version 16

Summary: device-service-dev-swagger-ui
----------------------------------------------------------
Total Versions :       16
Keep           : 2
Delete         : 14
----------------------------------------------------------

##########################################################
Processing Function: device-service-dev-orgDeviceManage
##########################################################
[STEP 2] Fetching versions...
[INFO] Published Versions Found:       59

[INFO] All Published Versions:
1
2
3
4
5
6
7
8
9
10
11
12
13
14
15
16
17
18
19
20
21
22
23
24
25
26
27
28
29
30
31
32
33
34
35
36
37
38
39
40
41
42
43
44
45
46
47
48
49
50
51
52
53
54
55
56
57
58
59

[INFO] Versions To Keep:
58
59

[STEP 3] Evaluating versions...
[DELETE] Version 1
[DELETE] Version 2
[DELETE] Version 3
[DELETE] Version 4
[DELETE] Version 5
[DELETE] Version 6
[DELETE] Version 7
[DELETE] Version 8
[DELETE] Version 9
[DELETE] Version 10
[DELETE] Version 11
[DELETE] Version 12
[DELETE] Version 13
[DELETE] Version 14
[DELETE] Version 15
[DELETE] Version 16
[DELETE] Version 17
[DELETE] Version 18
[DELETE] Version 19
[DELETE] Version 20
[DELETE] Version 21
[DELETE] Version 22
[DELETE] Version 23
[DELETE] Version 24
[DELETE] Version 25
[DELETE] Version 26
[DELETE] Version 27
[DELETE] Version 28
[DELETE] Version 29
[DELETE] Version 30
[DELETE] Version 31
[DELETE] Version 32
[DELETE] Version 33
[DELETE] Version 34
[DELETE] Version 35
[DELETE] Version 36
[DELETE] Version 37
[DELETE] Version 38
[DELETE] Version 39
[DELETE] Version 40
[DELETE] Version 41
[DELETE] Version 42
[DELETE] Version 43
[DELETE] Version 44
[DELETE] Version 45
[DELETE] Version 46
[DELETE] Version 47
[DELETE] Version 48
[DELETE] Version 49
[DELETE] Version 50
[DELETE] Version 51
[DELETE] Version 52
[DELETE] Version 53
[DELETE] Version 54
[DELETE] Version 55
[DELETE] Version 56
[DELETE] Version 57
[KEEP] Version 58
[KEEP] Version 59

Summary: device-service-dev-orgDeviceManage
----------------------------------------------------------
Total Versions :       59
Keep           : 2
Delete         : 57
----------------------------------------------------------

##########################################################
Processing Function: device-service-dev-deviceFileUpload
##########################################################
[STEP 2] Fetching versions...
[INFO] Published Versions Found:       26

[INFO] All Published Versions:
18
19
20
21
22
23
24
25
26
27
28
29
30
31
32
33
34
35
36
37
38
39
40
41
42
43

[INFO] Versions To Keep:
42
43

[STEP 3] Evaluating versions...
[DELETE] Version 18
[DELETE] Version 19
[DELETE] Version 20
[DELETE] Version 21
[DELETE] Version 22
[DELETE] Version 23
[DELETE] Version 24
[DELETE] Version 25
[DELETE] Version 26
[DELETE] Version 27
[DELETE] Version 28
[DELETE] Version 29
[DELETE] Version 30
[DELETE] Version 31
[DELETE] Version 32
[DELETE] Version 33
[DELETE] Version 34
[DELETE] Version 35
[DELETE] Version 36
[DELETE] Version 37
[DELETE] Version 38
[DELETE] Version 39
[DELETE] Version 40
[DELETE] Version 41
[KEEP] Version 42
[KEEP] Version 43

Summary: device-service-dev-deviceFileUpload
----------------------------------------------------------
Total Versions :       26
Keep           : 2
Delete         : 24
----------------------------------------------------------

##########################################################
Processing Function: device-service-dev-deviceReadingTimestampUpdate
##########################################################
[STEP 2] Fetching versions...
[INFO] Published Versions Found:       31

[INFO] All Published Versions:
4
5
6
7
8
9
10
11
12
13
14
15
16
17
18
19
20
21
22
23
24
25
26
27
28
29
30
31
32
33
34

[INFO] Versions To Keep:
33
34

[STEP 3] Evaluating versions...
[DELETE] Version 4
[DELETE] Version 5
[DELETE] Version 6
[DELETE] Version 7
[DELETE] Version 8
[DELETE] Version 9
[DELETE] Version 10
[DELETE] Version 11
[DELETE] Version 12
[DELETE] Version 13
[DELETE] Version 14
[DELETE] Version 15
[DELETE] Version 16
[DELETE] Version 17
[DELETE] Version 18
[DELETE] Version 19
[DELETE] Version 20
[DELETE] Version 21
[DELETE] Version 22
[DELETE] Version 23
[DELETE] Version 24
[DELETE] Version 25
[DELETE] Version 26
[DELETE] Version 27
[DELETE] Version 28
[DELETE] Version 29
[DELETE] Version 30
[DELETE] Version 31
[DELETE] Version 32
[KEEP] Version 33
[KEEP] Version 34

Summary: device-service-dev-deviceReadingTimestampUpdate
----------------------------------------------------------
Total Versions :       31
Keep           : 2
Delete         : 29
----------------------------------------------------------

##########################################################
Processing Function: device-service-dev-deviceUserAssign
##########################################################
[STEP 2] Fetching versions...
[INFO] Published Versions Found:       49

[INFO] All Published Versions:
1
2
3
4
5
6
7
8
9
10
11
12
13
14
15
16
17
18
19
20
21
22
23
24
25
26
27
28
29
30
31
32
33
34
35
36
37
38
39
40
41
42
43
44
45
46
47
48
49

[INFO] Versions To Keep:
48
49

[STEP 3] Evaluating versions...
[DELETE] Version 1
[DELETE] Version 2
[DELETE] Version 3
[DELETE] Version 4
[DELETE] Version 5
[DELETE] Version 6
[DELETE] Version 7
[DELETE] Version 8
[DELETE] Version 9
[DELETE] Version 10
[DELETE] Version 11
[DELETE] Version 12
[DELETE] Version 13
[DELETE] Version 14
[DELETE] Version 15
[DELETE] Version 16
[DELETE] Version 17
[DELETE] Version 18
[DELETE] Version 19
[DELETE] Version 20
[DELETE] Version 21
[DELETE] Version 22
[DELETE] Version 23
[DELETE] Version 24
[DELETE] Version 25
[DELETE] Version 26
[DELETE] Version 27
[DELETE] Version 28
[DELETE] Version 29
[DELETE] Version 30
[DELETE] Version 31
[DELETE] Version 32
[DELETE] Version 33
[DELETE] Version 34
[DELETE] Version 35
[DELETE] Version 36
[DELETE] Version 37
[DELETE] Version 38
[DELETE] Version 39
[DELETE] Version 40
[DELETE] Version 41
[DELETE] Version 42
[DELETE] Version 43
[DELETE] Version 44
[DELETE] Version 45
[DELETE] Version 46
[DELETE] Version 47
[KEEP] Version 48
[KEEP] Version 49

Summary: device-service-dev-deviceUserAssign
----------------------------------------------------------
Total Versions :       49
Keep           : 2
Delete         : 47
----------------------------------------------------------

##########################################################
Processing Function: device-service-dev-health
##########################################################
[STEP 2] Fetching versions...
[INFO] Published Versions Found:       11

[INFO] All Published Versions:
1
2
3
4
5
6
7
8
9
10
11

[INFO] Versions To Keep:
10
11

[STEP 3] Evaluating versions...
[DELETE] Version 1
[DELETE] Version 2
[DELETE] Version 3
[DELETE] Version 4
[DELETE] Version 5
[DELETE] Version 6
[DELETE] Version 7
[DELETE] Version 8
[DELETE] Version 9
[KEEP] Version 10
[KEEP] Version 11

Summary: device-service-dev-health
----------------------------------------------------------
Total Versions :       11
Keep           : 2
Delete         : 9
----------------------------------------------------------

##########################################################
Processing Function: device-service-dev-deviceUserList
##########################################################
[STEP 2] Fetching versions...
[INFO] Published Versions Found:       49

[INFO] All Published Versions:
1
2
3
4
5
6
7
8
9
10
11
12
13
14
15
16
17
18
19
20
21
22
23
24
25
26
27
28
29
30
31
32
33
34
35
36
37
38
39
40
41
42
43
44
45
46
47
48
49

[INFO] Versions To Keep:
48
49

[STEP 3] Evaluating versions...
[DELETE] Version 1
[DELETE] Version 2
[DELETE] Version 3
[DELETE] Version 4
[DELETE] Version 5
[DELETE] Version 6
[DELETE] Version 7
[DELETE] Version 8
[DELETE] Version 9
[DELETE] Version 10
[DELETE] Version 11
[DELETE] Version 12
[DELETE] Version 13
[DELETE] Version 14
[DELETE] Version 15
[DELETE] Version 16
[DELETE] Version 17
[DELETE] Version 18
[DELETE] Version 19
[DELETE] Version 20
[DELETE] Version 21
[DELETE] Version 22
[DELETE] Version 23
[DELETE] Version 24
[DELETE] Version 25
[DELETE] Version 26
[DELETE] Version 27
[DELETE] Version 28
[DELETE] Version 29
[DELETE] Version 30
[DELETE] Version 31
[DELETE] Version 32
[DELETE] Version 33
[DELETE] Version 34
[DELETE] Version 35
[DELETE] Version 36
[DELETE] Version 37
[DELETE] Version 38
[DELETE] Version 39
[DELETE] Version 40
[DELETE] Version 41
[DELETE] Version 42
[DELETE] Version 43
[DELETE] Version 44
[DELETE] Version 45
[DELETE] Version 46
[DELETE] Version 47
[KEEP] Version 48
[KEEP] Version 49

Summary: device-service-dev-deviceUserList
----------------------------------------------------------
Total Versions :       49
Keep           : 2
Delete         : 47
----------------------------------------------------------

##########################################################
Processing Function: device-service-dev-deviceUpdate
##########################################################
[STEP 2] Fetching versions...
[INFO] Published Versions Found:       49

[INFO] All Published Versions:
1
2
3
4
5
6
7
8
9
10
11
12
13
14
15
16
17
18
19
20
21
22
23
24
25
26
27
28
29
30
31
32
33
34
35
36
37
38
39
40
41
42
43
44
45
46
47
48
49

[INFO] Versions To Keep:
48
49

[STEP 3] Evaluating versions...
[DELETE] Version 1
[DELETE] Version 2
[DELETE] Version 3
[DELETE] Version 4
[DELETE] Version 5
[DELETE] Version 6
[DELETE] Version 7
[DELETE] Version 8
[DELETE] Version 9
[DELETE] Version 10
[DELETE] Version 11
[DELETE] Version 12
[DELETE] Version 13
[DELETE] Version 14
[DELETE] Version 15
[DELETE] Version 16
[DELETE] Version 17
[DELETE] Version 18
[DELETE] Version 19
[DELETE] Version 20
[DELETE] Version 21
[DELETE] Version 22
[DELETE] Version 23
[DELETE] Version 24
[DELETE] Version 25
[DELETE] Version 26
[DELETE] Version 27
[DELETE] Version 28
[DELETE] Version 29
[DELETE] Version 30
[DELETE] Version 31
[DELETE] Version 32
[DELETE] Version 33
[DELETE] Version 34
[DELETE] Version 35
[DELETE] Version 36
[DELETE] Version 37
[DELETE] Version 38
[DELETE] Version 39
[DELETE] Version 40
[DELETE] Version 41
[DELETE] Version 42
[DELETE] Version 43
[DELETE] Version 44
[DELETE] Version 45
[DELETE] Version 46
[DELETE] Version 47
[KEEP] Version 48
[KEEP] Version 49

Summary: device-service-dev-deviceUpdate
----------------------------------------------------------
Total Versions :       49
Keep           : 2
Delete         : 47
----------------------------------------------------------

##########################################################
Processing Function: device-service-dev-getOrganizationDevice
##########################################################
[STEP 2] Fetching versions...
[INFO] Published Versions Found:       29

[INFO] All Published Versions:
1
2
3
4
5
6
7
8
9
10
11
12
13
14
15
16
17
18
19
20
21
22
23
24
25
26
27
28
29

[INFO] Versions To Keep:
28
29

[STEP 3] Evaluating versions...
[DELETE] Version 1
[DELETE] Version 2
[DELETE] Version 3
[DELETE] Version 4
[DELETE] Version 5
[DELETE] Version 6
[DELETE] Version 7
[DELETE] Version 8
[DELETE] Version 9
[DELETE] Version 10
[DELETE] Version 11
[DELETE] Version 12
[DELETE] Version 13
[DELETE] Version 14
[DELETE] Version 15
[DELETE] Version 16
[DELETE] Version 17
[DELETE] Version 18
[DELETE] Version 19
[DELETE] Version 20
[DELETE] Version 21
[DELETE] Version 22
[DELETE] Version 23
[DELETE] Version 24
[DELETE] Version 25
[DELETE] Version 26
[DELETE] Version 27
[KEEP] Version 28
[KEEP] Version 29

Summary: device-service-dev-getOrganizationDevice
----------------------------------------------------------
Total Versions :       29
Keep           : 2
Delete         : 27
----------------------------------------------------------

##########################################################
Processing Function: device-service-dev-deviceOrgAssign
##########################################################
[STEP 2] Fetching versions...
[INFO] Published Versions Found:       54

[INFO] All Published Versions:
1
2
3
4
5
6
7
8
9
10
11
12
13
14
15
16
17
18
19
20
21
22
23
24
25
26
27
28
29
30
31
32
33
34
35
36
37
38
39
40
41
42
43
44
45
46
47
48
49
50
51
52
53
54

[INFO] Versions To Keep:
53
54

[STEP 3] Evaluating versions...
[DELETE] Version 1
[DELETE] Version 2
[DELETE] Version 3
[DELETE] Version 4
[DELETE] Version 5
[DELETE] Version 6
[DELETE] Version 7
[DELETE] Version 8
[DELETE] Version 9
[DELETE] Version 10
[DELETE] Version 11
[DELETE] Version 12
[DELETE] Version 13
[DELETE] Version 14
[DELETE] Version 15
[DELETE] Version 16
[DELETE] Version 17
[DELETE] Version 18
[DELETE] Version 19
[DELETE] Version 20
[DELETE] Version 21
[DELETE] Version 22
[DELETE] Version 23
[DELETE] Version 24
[DELETE] Version 25
[DELETE] Version 26
[DELETE] Version 27
[DELETE] Version 28
[DELETE] Version 29
[DELETE] Version 30
[DELETE] Version 31
[DELETE] Version 32
[DELETE] Version 33
[DELETE] Version 34
[DELETE] Version 35
[DELETE] Version 36
[DELETE] Version 37
[DELETE] Version 38
[DELETE] Version 39
[DELETE] Version 40
[DELETE] Version 41
[DELETE] Version 42
[DELETE] Version 43
[DELETE] Version 44
[DELETE] Version 45
[DELETE] Version 46
[DELETE] Version 47
[DELETE] Version 48
[DELETE] Version 49
[DELETE] Version 50
[DELETE] Version 51
[DELETE] Version 52
[KEEP] Version 53
[KEEP] Version 54

Summary: device-service-dev-deviceOrgAssign
----------------------------------------------------------
Total Versions :       54
Keep           : 2
Delete         : 52
----------------------------------------------------------

##########################################################
Processing Function: device-service-dev-deviceSearch
##########################################################
[STEP 2] Fetching versions...
[INFO] Published Versions Found:       56

[INFO] All Published Versions:
1
2
3
4
5
6
7
8
9
10
11
12
13
14
15
16
17
18
19
20
21
22
23
24
25
26
27
28
29
30
31
32
33
34
35
36
37
38
39
40
41
42
43
44
45
46
47
48
49
50
51
52
53
54
55
56

[INFO] Versions To Keep:
55
56

[STEP 3] Evaluating versions...
[DELETE] Version 1
[DELETE] Version 2
[DELETE] Version 3
[DELETE] Version 4
[DELETE] Version 5
[DELETE] Version 6
[DELETE] Version 7
[DELETE] Version 8
[DELETE] Version 9
[DELETE] Version 10
[DELETE] Version 11
[DELETE] Version 12
[DELETE] Version 13
[DELETE] Version 14
[DELETE] Version 15
[DELETE] Version 16
[DELETE] Version 17
[DELETE] Version 18
[DELETE] Version 19
[DELETE] Version 20
[DELETE] Version 21
[DELETE] Version 22
[DELETE] Version 23
[DELETE] Version 24
[DELETE] Version 25
[DELETE] Version 26
[DELETE] Version 27
[DELETE] Version 28
[DELETE] Version 29
[DELETE] Version 30
[DELETE] Version 31
[DELETE] Version 32
[DELETE] Version 33
[DELETE] Version 34
[DELETE] Version 35
[DELETE] Version 36
[DELETE] Version 37
[DELETE] Version 38
[DELETE] Version 39
[DELETE] Version 40
[DELETE] Version 41
[DELETE] Version 42
[DELETE] Version 43
[DELETE] Version 44
[DELETE] Version 45
[DELETE] Version 46
[DELETE] Version 47
[DELETE] Version 48
[DELETE] Version 49
[DELETE] Version 50
[DELETE] Version 51
[DELETE] Version 52
[DELETE] Version 53
[DELETE] Version 54
[KEEP] Version 55
[KEEP] Version 56

Summary: device-service-dev-deviceSearch
----------------------------------------------------------
Total Versions :       56
Keep           : 2
Delete         : 54
----------------------------------------------------------

##########################################################
Processing Function: device-service-dev-errorNotification
##########################################################
[STEP 2] Fetching versions...
[INFO] Published Versions Found:       42

[INFO] All Published Versions:
1
2
3
4
5
6
7
8
9
10
11
12
13
14
15
16
17
18
19
20
21
22
23
24
25
26
27
28
29
30
31
32
33
34
35
36
37
38
39
40
41
42

[INFO] Versions To Keep:
41
42

[STEP 3] Evaluating versions...
[DELETE] Version 1
[DELETE] Version 2
[DELETE] Version 3
[DELETE] Version 4
[DELETE] Version 5
[DELETE] Version 6
[DELETE] Version 7
[DELETE] Version 8
[DELETE] Version 9
[DELETE] Version 10
[DELETE] Version 11
[DELETE] Version 12
[DELETE] Version 13
[DELETE] Version 14
[DELETE] Version 15
[DELETE] Version 16
[DELETE] Version 17
[DELETE] Version 18
[DELETE] Version 19
[DELETE] Version 20
[DELETE] Version 21
[DELETE] Version 22
[DELETE] Version 23
[DELETE] Version 24
[DELETE] Version 25
[DELETE] Version 26
[DELETE] Version 27
[DELETE] Version 28
[DELETE] Version 29
[DELETE] Version 30
[DELETE] Version 31
[DELETE] Version 32
[DELETE] Version 33
[DELETE] Version 34
[DELETE] Version 35
[DELETE] Version 36
[DELETE] Version 37
[DELETE] Version 38
[DELETE] Version 39
[DELETE] Version 40
[KEEP] Version 41
[KEEP] Version 42

Summary: device-service-dev-errorNotification
----------------------------------------------------------
Total Versions :       42
Keep           : 2
Delete         : 40
----------------------------------------------------------

##########################################################
Processing Function: device-service-dev-deviceUserDelete
##########################################################
[STEP 2] Fetching versions...
[INFO] Published Versions Found:       42

[INFO] All Published Versions:
1
2
3
4
5
6
7
8
9
10
11
12
13
14
15
16
17
18
19
20
21
22
23
24
25
26
27
28
29
30
31
32
33
34
35
36
37
38
39
40
41
42

[INFO] Versions To Keep:
41
42

[STEP 3] Evaluating versions...
[DELETE] Version 1
[DELETE] Version 2
[DELETE] Version 3
[DELETE] Version 4
[DELETE] Version 5
[DELETE] Version 6
[DELETE] Version 7
[DELETE] Version 8
[DELETE] Version 9
[DELETE] Version 10
[DELETE] Version 11
[DELETE] Version 12
[DELETE] Version 13
[DELETE] Version 14
[DELETE] Version 15
[DELETE] Version 16
[DELETE] Version 17
[DELETE] Version 18
[DELETE] Version 19
[DELETE] Version 20
[DELETE] Version 21
[DELETE] Version 22
[DELETE] Version 23
[DELETE] Version 24
[DELETE] Version 25
[DELETE] Version 26
[DELETE] Version 27
[DELETE] Version 28
[DELETE] Version 29
[DELETE] Version 30
[DELETE] Version 31
[DELETE] Version 32
[DELETE] Version 33
[DELETE] Version 34
[DELETE] Version 35
[DELETE] Version 36
[DELETE] Version 37
[DELETE] Version 38
[DELETE] Version 39
[DELETE] Version 40
[KEEP] Version 41
[KEEP] Version 42

Summary: device-service-dev-deviceUserDelete
----------------------------------------------------------
Total Versions :       42
Keep           : 2
Delete         : 40
----------------------------------------------------------

##########################################################
Processing Function: device-service-dev-swagger-json
##########################################################
[STEP 2] Fetching versions...
[INFO] Published Versions Found:       23

[INFO] All Published Versions:
1
2
3
4
5
6
7
8
9
10
11
12
13
14
15
16
17
18
19
20
21
22
23

[INFO] Versions To Keep:
22
23

[STEP 3] Evaluating versions...
[DELETE] Version 1
[DELETE] Version 2
[DELETE] Version 3
[DELETE] Version 4
[DELETE] Version 5
[DELETE] Version 6
[DELETE] Version 7
[DELETE] Version 8
[DELETE] Version 9
[DELETE] Version 10
[DELETE] Version 11
[DELETE] Version 12
[DELETE] Version 13
[DELETE] Version 14
[DELETE] Version 15
[DELETE] Version 16
[DELETE] Version 17
[DELETE] Version 18
[DELETE] Version 19
[DELETE] Version 20
[DELETE] Version 21
[KEEP] Version 22
[KEEP] Version 23

Summary: device-service-dev-swagger-json
----------------------------------------------------------
Total Versions :       23
Keep           : 2
Delete         : 21
----------------------------------------------------------

##########################################################
Processing Function: device-service-dev-deviceOrgRemove
##########################################################
[STEP 2] Fetching versions...
[INFO] Published Versions Found:       53

[INFO] All Published Versions:
1
2
3
4
5
6
7
8
9
10
11
12
13
14
15
16
17
18
19
20
21
22
23
24
25
26
27
28
29
30
31
32
33
34
35
36
37
38
39
40
41
42
43
44
45
46
47
48
49
50
51
52
53

[INFO] Versions To Keep:
52
53

[STEP 3] Evaluating versions...
[DELETE] Version 1
[DELETE] Version 2
[DELETE] Version 3
[DELETE] Version 4
[DELETE] Version 5
[DELETE] Version 6
[DELETE] Version 7
[DELETE] Version 8
[DELETE] Version 9
[DELETE] Version 10
[DELETE] Version 11
[DELETE] Version 12
[DELETE] Version 13
[DELETE] Version 14
[DELETE] Version 15
[DELETE] Version 16
[DELETE] Version 17
[DELETE] Version 18
[DELETE] Version 19
[DELETE] Version 20
[DELETE] Version 21
[DELETE] Version 22
[DELETE] Version 23
[DELETE] Version 24
[DELETE] Version 25
[DELETE] Version 26
[DELETE] Version 27
[DELETE] Version 28
[DELETE] Version 29
[DELETE] Version 30
[DELETE] Version 31
[DELETE] Version 32
[DELETE] Version 33
[DELETE] Version 34
[DELETE] Version 35
[DELETE] Version 36
[DELETE] Version 37
[DELETE] Version 38
[DELETE] Version 39
[DELETE] Version 40
[DELETE] Version 41
[DELETE] Version 42
[DELETE] Version 43
[DELETE] Version 44
[DELETE] Version 45
[DELETE] Version 46
[DELETE] Version 47
[DELETE] Version 48
[DELETE] Version 49
[DELETE] Version 50
[DELETE] Version 51
[KEEP] Version 52
[KEEP] Version 53

Summary: device-service-dev-deviceOrgRemove
----------------------------------------------------------
Total Versions :       53
Keep           : 2
Delete         : 51
----------------------------------------------------------

##########################################################
Processing Function: device-service-dev-deviceGlobalRegister
##########################################################
[STEP 2] Fetching versions...
[INFO] Published Versions Found:       52

[INFO] All Published Versions:
1
3
4
5
6
7
8
9
10
11
12
13
14
15
16
17
18
19
20
21
22
23
24
25
26
27
28
29
30
31
32
33
34
35
36
37
38
39
40
41
42
43
44
45
46
47
48
49
50
51
52
53

[INFO] Versions To Keep:
52
53

[STEP 3] Evaluating versions...
[DELETE] Version 1
[DELETE] Version 3
[DELETE] Version 4
[DELETE] Version 5
[DELETE] Version 6
[DELETE] Version 7
[DELETE] Version 8
[DELETE] Version 9
[DELETE] Version 10
[DELETE] Version 11
[DELETE] Version 12
[DELETE] Version 13
[DELETE] Version 14
[DELETE] Version 15
[DELETE] Version 16
[DELETE] Version 17
[DELETE] Version 18
[DELETE] Version 19
[DELETE] Version 20
[DELETE] Version 21
[DELETE] Version 22
[DELETE] Version 23
[DELETE] Version 24
[DELETE] Version 25
[DELETE] Version 26
[DELETE] Version 27
[DELETE] Version 28
[DELETE] Version 29
[DELETE] Version 30
[DELETE] Version 31
[DELETE] Version 32
[DELETE] Version 33
[DELETE] Version 34
[DELETE] Version 35
[DELETE] Version 36
[DELETE] Version 37
[DELETE] Version 38
[DELETE] Version 39
[DELETE] Version 40
[DELETE] Version 41
[DELETE] Version 42
[DELETE] Version 43
[DELETE] Version 44
[DELETE] Version 45
[DELETE] Version 46
[DELETE] Version 47
[DELETE] Version 48
[DELETE] Version 49
[DELETE] Version 50
[DELETE] Version 51
[KEEP] Version 52
[KEEP] Version 53

Summary: device-service-dev-deviceGlobalRegister
----------------------------------------------------------
Total Versions :       52
Keep           : 2
Delete         : 50
----------------------------------------------------------

##########################################################
Processing Function: device-service-dev-deviceRegister
##########################################################
[STEP 2] Fetching versions...
[INFO] Published Versions Found:       61

[INFO] All Published Versions:
1
2
3
4
5
6
7
8
9
10
11
12
13
14
15
16
17
18
19
20
21
22
23
24
25
26
27
28
29
30
31
32
33
34
35
36
37
38
39
40
41
42
43
44
45
46
47
48
49
50
51
52
53
54
55
56
57
58
59
60
61

[INFO] Versions To Keep:
60
61

[STEP 3] Evaluating versions...
[DELETE] Version 1
[DELETE] Version 2
[DELETE] Version 3
[DELETE] Version 4
[DELETE] Version 5
[DELETE] Version 6
[DELETE] Version 7
[DELETE] Version 8
[DELETE] Version 9
[DELETE] Version 10
[DELETE] Version 11
[DELETE] Version 12
[DELETE] Version 13
[DELETE] Version 14
[DELETE] Version 15
[DELETE] Version 16
[DELETE] Version 17
[DELETE] Version 18
[DELETE] Version 19
[DELETE] Version 20
[DELETE] Version 21
[DELETE] Version 22
[DELETE] Version 23
[DELETE] Version 24
[DELETE] Version 25
[DELETE] Version 26
[DELETE] Version 27
[DELETE] Version 28
[DELETE] Version 29
[DELETE] Version 30
[DELETE] Version 31
[DELETE] Version 32
[DELETE] Version 33
[DELETE] Version 34
[DELETE] Version 35
[DELETE] Version 36
[DELETE] Version 37
[DELETE] Version 38
[DELETE] Version 39
[DELETE] Version 40
[DELETE] Version 41
[DELETE] Version 42
[DELETE] Version 43
[DELETE] Version 44
[DELETE] Version 45
[DELETE] Version 46
[DELETE] Version 47
[DELETE] Version 48
[DELETE] Version 49
[DELETE] Version 50
[DELETE] Version 51
[DELETE] Version 52
[DELETE] Version 53
[DELETE] Version 54
[DELETE] Version 55
[DELETE] Version 56
[DELETE] Version 57
[DELETE] Version 58
[DELETE] Version 59
[KEEP] Version 60
[KEEP] Version 61

Summary: device-service-dev-deviceRegister
----------------------------------------------------------
Total Versions :       61
Keep           : 2
Delete         : 59
----------------------------------------------------------

##########################################################
Processing Function: device-service-dev-deviceRecommendationRemove
##########################################################
[STEP 2] Fetching versions...
[INFO] Published Versions Found:       55

[INFO] All Published Versions:
1
2
3
4
5
6
7
8
9
10
11
12
13
14
15
16
17
18
19
20
21
22
23
24
25
26
27
28
29
30
31
32
33
34
35
36
37
38
39
40
41
42
43
44
45
46
47
48
49
50
51
52
53
54
55

[INFO] Versions To Keep:
54
55

[STEP 3] Evaluating versions...
[DELETE] Version 1
[DELETE] Version 2
[DELETE] Version 3
[DELETE] Version 4
[DELETE] Version 5
[DELETE] Version 6
[DELETE] Version 7
[DELETE] Version 8
[DELETE] Version 9
[DELETE] Version 10
[DELETE] Version 11
[DELETE] Version 12
[DELETE] Version 13
[DELETE] Version 14
[DELETE] Version 15
[DELETE] Version 16
[DELETE] Version 17
[DELETE] Version 18
[DELETE] Version 19
[DELETE] Version 20
[DELETE] Version 21
[DELETE] Version 22
[DELETE] Version 23
[DELETE] Version 24
[DELETE] Version 25
[DELETE] Version 26
[DELETE] Version 27
[DELETE] Version 28
[DELETE] Version 29
[DELETE] Version 30
[DELETE] Version 31
[DELETE] Version 32
[DELETE] Version 33
[DELETE] Version 34
[DELETE] Version 35
[DELETE] Version 36
[DELETE] Version 37
[DELETE] Version 38
[DELETE] Version 39
[DELETE] Version 40
[DELETE] Version 41
[DELETE] Version 42
[DELETE] Version 43
[DELETE] Version 44
[DELETE] Version 45
[DELETE] Version 46
[DELETE] Version 47
[DELETE] Version 48
[DELETE] Version 49
[DELETE] Version 50
[DELETE] Version 51
[DELETE] Version 52
[DELETE] Version 53
[KEEP] Version 54
[KEEP] Version 55

Summary: device-service-dev-deviceRecommendationRemove
----------------------------------------------------------
Total Versions :       55
Keep           : 2
Delete         : 53
----------------------------------------------------------

##########################################################
Processing Function: device-service-dev-deviceGet
##########################################################
[STEP 2] Fetching versions...
[INFO] Published Versions Found:       49

[INFO] All Published Versions:
1
2
3
4
5
6
7
8
9
10
11
12
13
14
15
16
17
18
19
20
21
22
23
24
25
26
27
28
29
30
31
32
33
34
35
36
37
38
39
40
41
42
43
44
45
46
47
48
49

[INFO] Versions To Keep:
48
49

[STEP 3] Evaluating versions...
[DELETE] Version 1
[DELETE] Version 2
[DELETE] Version 3
[DELETE] Version 4
[DELETE] Version 5
[DELETE] Version 6
[DELETE] Version 7
[DELETE] Version 8
[DELETE] Version 9
[DELETE] Version 10
[DELETE] Version 11
[DELETE] Version 12
[DELETE] Version 13
[DELETE] Version 14
[DELETE] Version 15
[DELETE] Version 16
[DELETE] Version 17
[DELETE] Version 18
[DELETE] Version 19
[DELETE] Version 20
[DELETE] Version 21
[DELETE] Version 22
[DELETE] Version 23
[DELETE] Version 24
[DELETE] Version 25
[DELETE] Version 26
[DELETE] Version 27
[DELETE] Version 28
[DELETE] Version 29
[DELETE] Version 30
[DELETE] Version 31
[DELETE] Version 32
[DELETE] Version 33
[DELETE] Version 34
[DELETE] Version 35
[DELETE] Version 36
[DELETE] Version 37
[DELETE] Version 38
[DELETE] Version 39
[DELETE] Version 40
[DELETE] Version 41
[DELETE] Version 42
[DELETE] Version 43
[DELETE] Version 44
[DELETE] Version 45
[DELETE] Version 46
[DELETE] Version 47
[KEEP] Version 48
[KEEP] Version 49

Summary: device-service-dev-deviceGet
----------------------------------------------------------
Total Versions :       49
Keep           : 2
Delete         : 47
----------------------------------------------------------

##########################################################
Processing Function: device-service-dev-deviceRecommendationAdd
##########################################################
[STEP 2] Fetching versions...
[INFO] Published Versions Found:       55

[INFO] All Published Versions:
1
2
3
4
5
6
7
8
9
10
11
12
13
14
15
16
17
18
19
20
21
22
23
24
25
26
27
28
29
30
31
32
33
34
35
36
37
38
39
40
41
42
43
44
45
46
47
48
49
50
51
52
53
54
55

[INFO] Versions To Keep:
54
55

[STEP 3] Evaluating versions...
[DELETE] Version 1
[DELETE] Version 2
[DELETE] Version 3
[DELETE] Version 4
[DELETE] Version 5
[DELETE] Version 6
[DELETE] Version 7
[DELETE] Version 8
[DELETE] Version 9
[DELETE] Version 10
[DELETE] Version 11
[DELETE] Version 12
[DELETE] Version 13
[DELETE] Version 14
[DELETE] Version 15
[DELETE] Version 16
[DELETE] Version 17
[DELETE] Version 18
[DELETE] Version 19
[DELETE] Version 20
[DELETE] Version 21
[DELETE] Version 22
[DELETE] Version 23
[DELETE] Version 24
[DELETE] Version 25
[DELETE] Version 26
[DELETE] Version 27
[DELETE] Version 28
[DELETE] Version 29
[DELETE] Version 30
[DELETE] Version 31
[DELETE] Version 32
[DELETE] Version 33
[DELETE] Version 34
[DELETE] Version 35
[DELETE] Version 36
[DELETE] Version 37
[DELETE] Version 38
[DELETE] Version 39
[DELETE] Version 40
[DELETE] Version 41
[DELETE] Version 42
[DELETE] Version 43
[DELETE] Version 44
[DELETE] Version 45
[DELETE] Version 46
[DELETE] Version 47
[DELETE] Version 48
[DELETE] Version 49
[DELETE] Version 50
[DELETE] Version 51
[DELETE] Version 52
[DELETE] Version 53
[KEEP] Version 54
[KEEP] Version 55

Summary: device-service-dev-deviceRecommendationAdd
----------------------------------------------------------
Total Versions :       55
Keep           : 2
Delete         : 53
----------------------------------------------------------

##########################################################
Processing Function: device-service-dev-deviceMetadataUpdate
##########################################################
[STEP 2] Fetching versions...
[INFO] Published Versions Found:       26

[INFO] All Published Versions:
18
19
20
21
22
23
24
25
26
27
28
29
30
31
32
33
34
35
36
37
38
39
40
41
42
43

[INFO] Versions To Keep:
42
43

[STEP 3] Evaluating versions...
[DELETE] Version 18
[DELETE] Version 19
[DELETE] Version 20
[DELETE] Version 21
[DELETE] Version 22
[DELETE] Version 23
[DELETE] Version 24
[DELETE] Version 25
[DELETE] Version 26
[DELETE] Version 27
[DELETE] Version 28
[DELETE] Version 29
[DELETE] Version 30
[DELETE] Version 31
[DELETE] Version 32
[DELETE] Version 33
[DELETE] Version 34
[DELETE] Version 35
[DELETE] Version 36
[DELETE] Version 37
[DELETE] Version 38
[DELETE] Version 39
[DELETE] Version 40
[DELETE] Version 41
[KEEP] Version 42
[KEEP] Version 43

Summary: device-service-dev-deviceMetadataUpdate
----------------------------------------------------------
Total Versions :       26
Keep           : 2
Delete         : 24
----------------------------------------------------------

##########################################################
Processing Function: device-service-dev-deviceUserRemove
##########################################################
[STEP 2] Fetching versions...
[INFO] Published Versions Found:       49

[INFO] All Published Versions:
1
2
3
4
5
6
7
8
9
10
11
12
13
14
15
16
17
18
19
20
21
22
23
24
25
26
27
28
29
30
31
32
33
34
35
36
37
38
39
40
41
42
43
44
45
46
47
48
49

[INFO] Versions To Keep:
48
49

[STEP 3] Evaluating versions...
[DELETE] Version 1
[DELETE] Version 2
[DELETE] Version 3
[DELETE] Version 4
[DELETE] Version 5
[DELETE] Version 6
[DELETE] Version 7
[DELETE] Version 8
[DELETE] Version 9
[DELETE] Version 10
[DELETE] Version 11
[DELETE] Version 12
[DELETE] Version 13
[DELETE] Version 14
[DELETE] Version 15
[DELETE] Version 16
[DELETE] Version 17
[DELETE] Version 18
[DELETE] Version 19
[DELETE] Version 20
[DELETE] Version 21
[DELETE] Version 22
[DELETE] Version 23
[DELETE] Version 24
[DELETE] Version 25
[DELETE] Version 26
[DELETE] Version 27
[DELETE] Version 28
[DELETE] Version 29
[DELETE] Version 30
[DELETE] Version 31
[DELETE] Version 32
[DELETE] Version 33
[DELETE] Version 34
[DELETE] Version 35
[DELETE] Version 36
[DELETE] Version 37
[DELETE] Version 38
[DELETE] Version 39
[DELETE] Version 40
[DELETE] Version 41
[DELETE] Version 42
[DELETE] Version 43
[DELETE] Version 44
[DELETE] Version 45
[DELETE] Version 46
[DELETE] Version 47
[KEEP] Version 48
[KEEP] Version 49

Summary: device-service-dev-deviceUserRemove
----------------------------------------------------------
Total Versions :       49
Keep           : 2
Delete         : 47
----------------------------------------------------------

##########################################################
Processing Function: device-service-dev-deviceDeleteMultiple
##########################################################
[STEP 2] Fetching versions...
[INFO] Published Versions Found:       60

[INFO] All Published Versions:
1
2
3
4
5
6
7
8
9
10
11
12
13
14
15
16
17
18
19
20
21
22
23
24
25
26
27
28
29
30
31
32
33
34
35
36
37
38
39
40
41
42
43
44
45
46
47
48
49
50
51
52
53
54
55
56
57
58
59
60

[INFO] Versions To Keep:
59
60

[STEP 3] Evaluating versions...
[DELETE] Version 1
[DELETE] Version 2
[DELETE] Version 3
[DELETE] Version 4
[DELETE] Version 5
[DELETE] Version 6
[DELETE] Version 7
[DELETE] Version 8
[DELETE] Version 9
[DELETE] Version 10
[DELETE] Version 11
[DELETE] Version 12
[DELETE] Version 13
[DELETE] Version 14
[DELETE] Version 15
[DELETE] Version 16
[DELETE] Version 17
[DELETE] Version 18
[DELETE] Version 19
[DELETE] Version 20
[DELETE] Version 21
[DELETE] Version 22
[DELETE] Version 23
[DELETE] Version 24
[DELETE] Version 25
[DELETE] Version 26
[DELETE] Version 27
[DELETE] Version 28
[DELETE] Version 29
[DELETE] Version 30
[DELETE] Version 31
[DELETE] Version 32
[DELETE] Version 33
[DELETE] Version 34
[DELETE] Version 35
[DELETE] Version 36
[DELETE] Version 37
[DELETE] Version 38
[DELETE] Version 39
[DELETE] Version 40
[DELETE] Version 41
[DELETE] Version 42
[DELETE] Version 43
[DELETE] Version 44
[DELETE] Version 45
[DELETE] Version 46
[DELETE] Version 47
[DELETE] Version 48
[DELETE] Version 49
[DELETE] Version 50
[DELETE] Version 51
[DELETE] Version 52
[DELETE] Version 53
[DELETE] Version 54
[DELETE] Version 55
[DELETE] Version 56
[DELETE] Version 57
[DELETE] Version 58
[KEEP] Version 59
[KEEP] Version 60

Summary: device-service-dev-deviceDeleteMultiple
----------------------------------------------------------
Total Versions :       60
Keep           : 2
Delete         : 58
----------------------------------------------------------

##########################################################
Processing Function: device-service-dev-deviceList
##########################################################
[STEP 2] Fetching versions...
[INFO] Published Versions Found:       63

[INFO] All Published Versions:
1
2
3
4
5
6
7
8
9
10
11
12
13
14
15
16
17
18
19
20
21
22
23
24
25
26
27
28
29
30
31
32
33
34
35
36
37
38
39
40
41
42
43
44
45
46
47
48
49
50
51
52
53
54
55
56
57
58
59
60
61
62
63

[INFO] Versions To Keep:
62
63

[STEP 3] Evaluating versions...
[DELETE] Version 1
[DELETE] Version 2
[DELETE] Version 3
[DELETE] Version 4
[DELETE] Version 5
[DELETE] Version 6
[DELETE] Version 7
[DELETE] Version 8
[DELETE] Version 9
[DELETE] Version 10
[DELETE] Version 11
[DELETE] Version 12
[DELETE] Version 13
[DELETE] Version 14
[DELETE] Version 15
[DELETE] Version 16
[DELETE] Version 17
[DELETE] Version 18
[DELETE] Version 19
[DELETE] Version 20
[DELETE] Version 21
[DELETE] Version 22
[DELETE] Version 23
[DELETE] Version 24
[DELETE] Version 25
[DELETE] Version 26
[DELETE] Version 27
[DELETE] Version 28
[DELETE] Version 29
[DELETE] Version 30
[DELETE] Version 31
[DELETE] Version 32
[DELETE] Version 33
[DELETE] Version 34
[DELETE] Version 35
[DELETE] Version 36
[DELETE] Version 37
[DELETE] Version 38
[DELETE] Version 39
[DELETE] Version 40
[DELETE] Version 41
[DELETE] Version 42
[DELETE] Version 43
[DELETE] Version 44
[DELETE] Version 45
[DELETE] Version 46
[DELETE] Version 47
[DELETE] Version 48
[DELETE] Version 49
[DELETE] Version 50
[DELETE] Version 51
[DELETE] Version 52
[DELETE] Version 53
[DELETE] Version 54
[DELETE] Version 55
[DELETE] Version 56
[DELETE] Version 57
[DELETE] Version 58
[DELETE] Version 59
[DELETE] Version 60
[DELETE] Version 61
[KEEP] Version 62
[KEEP] Version 63

Summary: device-service-dev-deviceList
----------------------------------------------------------
Total Versions :       63
Keep           : 2
Delete         : 61
----------------------------------------------------------

==========================================================
OVERALL SUMMARY
==========================================================
Functions Processed :       27
Versions Found      : 1165
Versions To Keep    : 52
Versions To Delete  : 1111
Finished At         : Sat Jun  6 16:15:18 IST 2026
==========================================================

DRY RUN ONLY - NO VERSIONS WERE DELETED
==========================================================
